[2025-11-21 23:36:35.218] [jointLog] [info] setting maxHashResizeThreads to 6
[2025-11-21 23:36:35.218] [jointLog] [info] Fragment incompatibility prior below threshold.  Incompatible fragments will be ignored.
[2025-11-21 23:36:35.234] [jointLog] [info] numQuantThreads = 3
[2025-11-21 23:36:38.409] [fileLog] [info] quantification processed 0 fragments so far

[2025-11-21 23:36:38.238] [jointLog] [info] replaced 4 non-ACGT nucleotides with random nucleotides
[2025-11-21 23:36:43.807] [fileLog] [info] quantification processed 1000000 fragments so far

[2025-11-21 23:36:49.295] [fileLog] [info] quantification processed 2000000 fragments so far

[2025-11-21 23:36:52.131] [jointLog] [info] 

The alignment group queue pool has been exhausted.  8440294 extra fragments were allocated on the heap to saturate the pool.  No new fragments will be allocated


[2025-11-21 23:37:06.408] [fileLog] [info] quantification processed 3000000 fragments so far

[2025-11-21 23:37:34.162] [fileLog] [info] quantification processed 4000000 fragments so far

[2025-11-21 23:38:02.553] [fileLog] [info] quantification processed 5000000 fragments so far

[2025-11-21 23:38:30.485] [fileLog] [info] quantification processed 6000000 fragments so far

[2025-11-21 23:38:58.837] [fileLog] [info] quantification processed 7000000 fragments so far

[2025-11-21 23:39:04.838] [fileLog] [info] quantification processed 8000000 fragments so far

[2025-11-21 23:39:11.077] [fileLog] [info] quantification processed 9000000 fragments so far

[2025-11-21 23:39:16.998] [fileLog] [info] quantification processed 10000000 fragments so far

[2025-11-21 23:39:22.853] [fileLog] [info] quantification processed 11000000 fragments so far

[2025-11-21 23:39:28.651] [fileLog] [info] quantification processed 12000000 fragments so far

[2025-11-21 23:39:34.609] [fileLog] [info] quantification processed 13000000 fragments so far

[2025-11-21 23:39:40.658] [fileLog] [info] quantification processed 14000000 fragments so far

[2025-11-21 23:39:46.645] [fileLog] [info] quantification processed 15000000 fragments so far

[2025-11-21 23:39:52.797] [fileLog] [info] quantification processed 16000000 fragments so far

[2025-11-21 23:39:58.804] [fileLog] [info] quantification processed 17000000 fragments so far

[2025-11-21 23:40:04.980] [fileLog] [info] quantification processed 18000000 fragments so far

[2025-11-21 23:40:11.073] [fileLog] [info] quantification processed 19000000 fragments so far

[2025-11-21 23:40:17.253] [fileLog] [info] quantification processed 20000000 fragments so far

[2025-11-21 23:40:23.472] [fileLog] [info] quantification processed 21000000 fragments so far

[2025-11-21 23:40:29.526] [fileLog] [info] quantification processed 22000000 fragments so far

[2025-11-21 23:40:35.640] [fileLog] [info] quantification processed 23000000 fragments so far

[2025-11-21 23:40:41.877] [fileLog] [info] quantification processed 24000000 fragments so far

[2025-11-21 23:40:48.141] [fileLog] [info] quantification processed 25000000 fragments so far

[2025-11-21 23:40:54.438] [fileLog] [info] quantification processed 26000000 fragments so far

[2025-11-21 23:41:00.681] [fileLog] [info] quantification processed 27000000 fragments so far

[2025-11-21 23:41:06.954] [fileLog] [info] quantification processed 28000000 fragments so far

[2025-11-21 23:41:13.263] [fileLog] [info] quantification processed 29000000 fragments so far

[2025-11-21 23:41:13.578] [fileLog] [info] quantification processed 29051016 fragments so far

[2025-11-21 23:41:25.382] [jointLog] [info] Thread saw mini-batch with a maximum of 3.80% zero probability fragments
[2025-11-21 23:41:25.382] [jointLog] [info] Thread saw mini-batch with a maximum of 4.00% zero probability fragments
[2025-11-21 23:41:25.388] [jointLog] [info] Thread saw mini-batch with a maximum of 3.70% zero probability fragments
[2025-11-21 23:41:25.390] [jointLog] [info] 


Completed first pass through the alignment file.
Total # of mapped reads : 29051016
# of uniquely mapped reads : 7168032
# ambiguously mapped reads : 21882984



[2025-11-21 23:41:25.611] [jointLog] [info] Computed 480581 rich equivalence classes for further processing
[2025-11-21 23:41:25.611] [jointLog] [info] Counted 29020351 total reads in the equivalence classes 
[2025-11-21 23:41:25.612] [jointLog] [info] starting optimizer
[2025-11-21 23:41:25.731] [jointLog] [info] Marked 0 weighted equivalence classes as degenerate
[2025-11-21 23:41:25.770] [jointLog] [info] iteration = 0 | max rel diff. = 4771.41
[2025-11-21 23:41:28.284] [jointLog] [info] iteration = 100 | max rel diff. = 18.8219
[2025-11-21 23:41:30.771] [jointLog] [info] iteration = 200 | max rel diff. = 11.9023
[2025-11-21 23:41:33.383] [jointLog] [info] iteration = 300 | max rel diff. = 8.94825
[2025-11-21 23:41:35.928] [jointLog] [info] iteration = 400 | max rel diff. = 1.00846
[2025-11-21 23:41:38.396] [jointLog] [info] iteration = 500 | max rel diff. = 7.72809
[2025-11-21 23:41:40.827] [jointLog] [info] iteration = 600 | max rel diff. = 7.34809
[2025-11-21 23:41:43.295] [jointLog] [info] iteration = 700 | max rel diff. = 0.234082
[2025-11-21 23:41:45.822] [jointLog] [info] iteration = 800 | max rel diff. = 0.296714
[2025-11-21 23:41:48.293] [jointLog] [info] iteration = 900 | max rel diff. = 0.118626
[2025-11-21 23:41:50.754] [jointLog] [info] iteration = 1000 | max rel diff. = 0.0293286
[2025-11-21 23:41:53.152] [jointLog] [info] iteration = 1100 | max rel diff. = 0.0851056
[2025-11-21 23:41:55.648] [jointLog] [info] iteration = 1200 | max rel diff. = 0.088012
[2025-11-21 23:41:58.089] [jointLog] [info] iteration = 1300 | max rel diff. = 0.0273982
[2025-11-21 23:42:00.533] [jointLog] [info] iteration = 1400 | max rel diff. = 0.101375
[2025-11-21 23:42:02.977] [jointLog] [info] iteration = 1500 | max rel diff. = 0.0409051
[2025-11-21 23:42:05.477] [jointLog] [info] iteration = 1600 | max rel diff. = 0.0300568
[2025-11-21 23:42:06.295] [jointLog] [info] iteration = 1634 | max rel diff. = 0.00424515
[2025-11-21 23:42:06.306] [jointLog] [info] finished optimizer
[2025-11-21 23:42:06.306] [jointLog] [info] writing output
[2025-11-21 23:42:08.475] [jointLog] [info] Computing gene-level abundance estimates
[2025-11-21 23:42:45.911] [jointLog] [info] There were 252930 transcripts mapping to 63187 genes
[2025-11-21 23:42:45.911] [jointLog] [info] NOTE: We recommend using tximport (https://bioconductor.org/packages/release/bioc/html/tximport.html) for aggregating transcript-level salmon abundance estimates to the gene level.  It is more versatile, exposes more features, and allows considering multi-sample information during aggregation.
[2025-11-21 23:42:46.335] [jointLog] [info] Aggregating expressions to gene level
[2025-11-21 23:42:46.444] [jointLog] [info] done
