[2026-04-20 23:37:24] [INFO]    [OmnipathR] Welcome to OmnipathR!
[2026-04-20 23:37:24] [INFO]    [OmnipathR] Setting up new cache directory `C:\Users\lzs19\AppData\Local\Cache\OmnipathR`.
[2026-04-20 23:37:24] [TRACE]   [OmnipathR] Reading JSON from `C:\Users\lzs19\AppData\Local\Cache\OmnipathR/cache.json` (encoding: UTF-8).
[2026-04-20 23:37:24] [TRACE]   [OmnipathR] JSON validation successful: TRUE
[2026-04-20 23:37:24] [INFO]    [OmnipathR] Initialized cache: `C:\Users\lzs19\AppData\Local\Cache\OmnipathR`.
[2026-04-20 23:37:24] [TRACE]   [OmnipathR] Reading JSON from `C:/Users/lzs19/AppData/Local/R/win-library/4.4/OmnipathR/db/db_def.json` (encoding: UTF-8).
[2026-04-20 23:37:24] [TRACE]   [OmnipathR] JSON validation successful: TRUE
[2026-04-20 23:37:24] [TRACE]   [OmnipathR] Reading JSON from `C:/Users/lzs19/AppData/Local/R/win-library/4.4/OmnipathR/internal/magic_bytes.json` (encoding: UTF-8).
[2026-04-20 23:37:24] [TRACE]   [OmnipathR] JSON validation successful: TRUE
[2026-04-20 23:37:24] [TRACE]   [OmnipathR] Reading JSON from `C:/Users/lzs19/AppData/Local/R/win-library/4.4/OmnipathR/internal/urls.json` (encoding: UTF-8).
[2026-04-20 23:37:24] [TRACE]   [OmnipathR] JSON validation successful: TRUE
[2026-04-20 23:37:24] [TRACE]   [OmnipathR] Reading JSON from `C:/Users/lzs19/AppData/Local/R/win-library/4.4/OmnipathR/internal/id_types.json` (encoding: UTF-8).
[2026-04-20 23:37:24] [TRACE]   [OmnipathR] JSON validation successful: TRUE
[2026-04-20 23:37:24] [INFO]    [OmnipathR] Loading database `Ensembl and OMA organism names`.
[2026-04-20 23:37:24] [TRACE]   [OmnipathR] Reading JSON from `C:\Users\lzs19\AppData\Local\Cache\OmnipathR/cache.json` (encoding: UTF-8).
[2026-04-20 23:37:24] [TRACE]   [OmnipathR] JSON validation successful: TRUE
[2026-04-20 23:37:24] [INFO]    [OmnipathR] Looking up in cache `https://www.ensembl.org/info/about/species.html`: key=7332486db7400730697234bad76ca0c8e4d00799, no version available.
[2026-04-20 23:37:24] [TRACE]   [OmnipathR] Reading JSON from `C:\Users\lzs19\AppData\Local\Cache\OmnipathR/cache.json` (encoding: UTF-8).
[2026-04-20 23:37:24] [TRACE]   [OmnipathR] JSON validation successful: TRUE
[2026-04-20 23:37:24] [INFO]    [OmnipathR] Created new version for cache record 7332486db7400730697234bad76ca0c8e4d00799: version 1.
[2026-04-20 23:37:24] [TRACE]   [OmnipathR] Cache file path: C:\Users\lzs19\AppData\Local\Cache\OmnipathR/7332486db7400730697234bad76ca0c8e4d00799-1.html
[2026-04-20 23:37:24] [INFO]    [OmnipathR] Retrieving URL: `https://www.ensembl.org/info/about/species.html`
[2026-04-20 23:37:24] [TRACE]   [OmnipathR] Attempt 1/3: `https://www.ensembl.org/info/about/species.html`
[2026-04-20 23:37:24] [TRACE]   [OmnipathR] HTTP 200
[2026-04-20 23:37:24] [INFO]    [OmnipathR] Download ready [key=7332486db7400730697234bad76ca0c8e4d00799, version=1]
[2026-04-20 23:37:24] [TRACE]   [OmnipathR] Reading JSON from `C:\Users\lzs19\AppData\Local\Cache\OmnipathR/cache.json` (encoding: UTF-8).
[2026-04-20 23:37:24] [TRACE]   [OmnipathR] JSON validation successful: TRUE
[2026-04-20 23:37:24] [INFO]    [OmnipathR] Cache item `7332486db7400730697234bad76ca0c8e4d00799` version 1: status changed from `unknown` to `ready`.
[2026-04-20 23:37:25] [TRACE]   [OmnipathR] Looking up in cache: `https://omabrowser.org/All/oma-species.txt`.
[2026-04-20 23:37:25] [INFO]    [OmnipathR] Cache record does not exist: `https://omabrowser.org/All/oma-species.txt`
[2026-04-20 23:37:25] [TRACE]   [OmnipathR] Could not find in cache, initiating download: `https://omabrowser.org/All/oma-species.txt`.
[2026-04-20 23:37:25] [TRACE]   [OmnipathR] Reading JSON from `C:\Users\lzs19\AppData\Local\Cache\OmnipathR/cache.json` (encoding: UTF-8).
[2026-04-20 23:37:25] [TRACE]   [OmnipathR] JSON validation successful: TRUE
[2026-04-20 23:37:25] [TRACE]   [OmnipathR] Reading JSON from `C:\Users\lzs19\AppData\Local\Cache\OmnipathR/cache.json` (encoding: UTF-8).
[2026-04-20 23:37:25] [TRACE]   [OmnipathR] JSON validation successful: TRUE
[2026-04-20 23:37:25] [INFO]    [OmnipathR] Cache item `30e690cbb55dfc63b5903ab337f34ffc2f4be397` version 1: status changed from `unknown` to `started`.
[2026-04-20 23:37:25] [TRACE]   [OmnipathR] Exporting object to RDS: `C:\Users\lzs19\AppData\Local\Cache\OmnipathR/30e690cbb55dfc63b5903ab337f34ffc2f4be397-1.rds`.
[2026-04-20 23:37:25] [INFO]    [OmnipathR] Retrieving URL: `https://omabrowser.org/All/oma-species.txt`
[2026-04-20 23:37:25] [TRACE]   [OmnipathR] Attempt 1/3: `https://omabrowser.org/All/oma-species.txt`
[2026-04-20 23:37:25] [TRACE]   [OmnipathR] Exported RDS to `C:\Users\lzs19\AppData\Local\Cache\OmnipathR/30e690cbb55dfc63b5903ab337f34ffc2f4be397-1.rds`.
[2026-04-20 23:37:25] [INFO]    [OmnipathR] Download ready [key=30e690cbb55dfc63b5903ab337f34ffc2f4be397, version=1]
[2026-04-20 23:37:25] [TRACE]   [OmnipathR] Reading JSON from `C:\Users\lzs19\AppData\Local\Cache\OmnipathR/cache.json` (encoding: UTF-8).
[2026-04-20 23:37:25] [TRACE]   [OmnipathR] JSON validation successful: TRUE
[2026-04-20 23:37:25] [INFO]    [OmnipathR] Cache item `30e690cbb55dfc63b5903ab337f34ffc2f4be397` version 1: status changed from `started` to `ready`.
[2026-04-20 23:37:25] [INFO]    [OmnipathR] Loaded database `Ensembl and OMA organism names`.
[2026-04-20 23:37:25] [TRACE]   [OmnipathR] Looking up in cache: `https://omnipathdb.org/interactions?genesymbols=yes&datasets=collectri&organisms=9606&dorothea_levels=A,B&fields=extra_attrs,evidences,sources,references,curation_effort&loops=yes&license=academic`
[2026-04-20 23:37:25] [INFO]    [OmnipathR] Cache record does not exist: `https://omnipathdb.org/interactions?genesymbols=yes&datasets=collectri&organisms=9606&dorothea_levels=A,B&fields=extra_attrs,evidences,sources,references,curation_effort&loops=yes&license=academic`
[2026-04-20 23:37:25] [TRACE]   [OmnipathR] Looking up in cache: `http://no-tls.omnipathdb.org/interactions?genesymbols=yes&datasets=collectri&organisms=9606&dorothea_levels=A,B&fields=extra_attrs,evidences,sources,references,curation_effort&loops=yes&license=academic`
[2026-04-20 23:37:25] [INFO]    [OmnipathR] Cache record does not exist: `http://no-tls.omnipathdb.org/interactions?genesymbols=yes&datasets=collectri&organisms=9606&dorothea_levels=A,B&fields=extra_attrs,evidences,sources,references,curation_effort&loops=yes&license=academic`
[2026-04-20 23:37:26] [TRACE]   [OmnipathR] Attempting `https://omnipathdb.org/interactions?genesymbols=yes&datasets=collectri&organisms=9606&dorothea_levels=A,B&fields=extra_attrs,evidences,sources,references,curation_effort&loops=yes&license=academic`
[2026-04-20 23:37:26] [INFO]    [OmnipathR] Retrieving URL: `https://omnipathdb.org/interactions?genesymbols=yes&datasets=collectri&organisms=9606&dorothea_levels=A,B&fields=extra_attrs,evidences,sources,references,curation_effort&loops=yes&license=academic`
[2026-04-20 23:37:26] [TRACE]   [OmnipathR] Attempt 1/3: `https://omnipathdb.org/interactions?genesymbols=yes&datasets=collectri&organisms=9606&dorothea_levels=A,B&fields=extra_attrs,evidences,sources,references,curation_effort&loops=yes&license=academic`
[2026-04-20 23:37:28] [INFO]    [OmnipathR] Successfully retrieved: `https://omnipathdb.org/interactions?genesymbols=yes&datasets=collectri&organisms=9606&dorothea_levels=A,B&fields=extra_attrs,evidences,sources,references,curation_effort&loops=yes&license=academic`
[2026-04-20 23:37:28] [TRACE]   [OmnipathR] Reading JSON from `C:\Users\lzs19\AppData\Local\Cache\OmnipathR/cache.json` (encoding: UTF-8).
[2026-04-20 23:37:28] [TRACE]   [OmnipathR] JSON validation successful: TRUE
[2026-04-20 23:37:28] [TRACE]   [OmnipathR] Reading JSON from `C:\Users\lzs19\AppData\Local\Cache\OmnipathR/cache.json` (encoding: UTF-8).
[2026-04-20 23:37:28] [TRACE]   [OmnipathR] JSON validation successful: TRUE
[2026-04-20 23:37:28] [INFO]    [OmnipathR] Cache item `5e82de18cbd9b5d9237867d70ab653aa2a24da2e` version 1: status changed from `unknown` to `started`.
[2026-04-20 23:37:28] [TRACE]   [OmnipathR] Exporting object to RDS: `C:\Users\lzs19\AppData\Local\Cache\OmnipathR/5e82de18cbd9b5d9237867d70ab653aa2a24da2e-1.rds`.
[2026-04-20 23:37:29] [TRACE]   [OmnipathR] Exported RDS to `C:\Users\lzs19\AppData\Local\Cache\OmnipathR/5e82de18cbd9b5d9237867d70ab653aa2a24da2e-1.rds`.
[2026-04-20 23:37:29] [INFO]    [OmnipathR] Download ready [key=5e82de18cbd9b5d9237867d70ab653aa2a24da2e, version=1]
[2026-04-20 23:37:29] [TRACE]   [OmnipathR] Reading JSON from `C:\Users\lzs19\AppData\Local\Cache\OmnipathR/cache.json` (encoding: UTF-8).
[2026-04-20 23:37:29] [TRACE]   [OmnipathR] JSON validation successful: TRUE
[2026-04-20 23:37:29] [INFO]    [OmnipathR] Cache item `5e82de18cbd9b5d9237867d70ab653aa2a24da2e` version 1: status changed from `started` to `ready`.
[2026-04-20 23:37:29] [TRACE]   [OmnipathR] Converting JSON column `extra_attrs` to list.
[2026-04-20 23:37:30] [TRACE]   [OmnipathR] Converting JSON column `evidences` to list.
[2026-04-20 23:37:34] [TRACE]   [OmnipathR] Restricting interaction records to datasets: collectri; and resources: any
[2026-04-20 23:37:38] [TRACE]   [OmnipathR] Filtering evidence columns: positive, negative, directed, undirected; to datasets: collectri; and resources: any; excluding resources: none
[2026-04-20 23:38:51] [SUCCESS] [OmnipathR] Downloaded 64979 interactions.
[2026-04-20 23:38:52] [TRACE]   [OmnipathR] Reading JSON from `https://omnipathdb.org/resources` (encoding: UTF-8).
[2026-04-20 23:38:52] [TRACE]   [OmnipathR] JSON validation successful: TRUE
[2026-04-20 23:38:52] [TRACE]   [OmnipathR] Looking up in cache: `https://omnipathdb.org/interactions?genesymbols=yes&resources=CollecTRI&datasets=tf_mirna&organisms=9606&fields=extra_attrs,evidences,sources,references,curation_effort&license=academic`
[2026-04-20 23:38:52] [INFO]    [OmnipathR] Cache record does not exist: `https://omnipathdb.org/interactions?genesymbols=yes&resources=CollecTRI&datasets=tf_mirna&organisms=9606&fields=extra_attrs,evidences,sources,references,curation_effort&license=academic`
[2026-04-20 23:38:52] [TRACE]   [OmnipathR] Looking up in cache: `http://no-tls.omnipathdb.org/interactions?genesymbols=yes&resources=CollecTRI&datasets=tf_mirna&organisms=9606&fields=extra_attrs,evidences,sources,references,curation_effort&license=academic`
[2026-04-20 23:38:52] [INFO]    [OmnipathR] Cache record does not exist: `http://no-tls.omnipathdb.org/interactions?genesymbols=yes&resources=CollecTRI&datasets=tf_mirna&organisms=9606&fields=extra_attrs,evidences,sources,references,curation_effort&license=academic`
[2026-04-20 23:38:52] [TRACE]   [OmnipathR] Attempting `https://omnipathdb.org/interactions?genesymbols=yes&resources=CollecTRI&datasets=tf_mirna&organisms=9606&fields=extra_attrs,evidences,sources,references,curation_effort&license=academic`
[2026-04-20 23:38:52] [INFO]    [OmnipathR] Retrieving URL: `https://omnipathdb.org/interactions?genesymbols=yes&resources=CollecTRI&datasets=tf_mirna&organisms=9606&fields=extra_attrs,evidences,sources,references,curation_effort&license=academic`
[2026-04-20 23:38:52] [TRACE]   [OmnipathR] Attempt 1/3: `https://omnipathdb.org/interactions?genesymbols=yes&resources=CollecTRI&datasets=tf_mirna&organisms=9606&fields=extra_attrs,evidences,sources,references,curation_effort&license=academic`
[2026-04-20 23:38:52] [INFO]    [OmnipathR] Successfully retrieved: `https://omnipathdb.org/interactions?genesymbols=yes&resources=CollecTRI&datasets=tf_mirna&organisms=9606&fields=extra_attrs,evidences,sources,references,curation_effort&license=academic`
[2026-04-20 23:38:52] [TRACE]   [OmnipathR] Reading JSON from `C:\Users\lzs19\AppData\Local\Cache\OmnipathR/cache.json` (encoding: UTF-8).
[2026-04-20 23:38:52] [TRACE]   [OmnipathR] JSON validation successful: TRUE
[2026-04-20 23:38:52] [TRACE]   [OmnipathR] Reading JSON from `C:\Users\lzs19\AppData\Local\Cache\OmnipathR/cache.json` (encoding: UTF-8).
[2026-04-20 23:38:52] [TRACE]   [OmnipathR] JSON validation successful: TRUE
[2026-04-20 23:38:52] [INFO]    [OmnipathR] Cache item `911416570c2aaa914be32ebf7b85e1eb3d1ff162` version 1: status changed from `unknown` to `started`.
[2026-04-20 23:38:52] [TRACE]   [OmnipathR] Exporting object to RDS: `C:\Users\lzs19\AppData\Local\Cache\OmnipathR/911416570c2aaa914be32ebf7b85e1eb3d1ff162-1.rds`.
[2026-04-20 23:38:52] [TRACE]   [OmnipathR] Exported RDS to `C:\Users\lzs19\AppData\Local\Cache\OmnipathR/911416570c2aaa914be32ebf7b85e1eb3d1ff162-1.rds`.
[2026-04-20 23:38:52] [INFO]    [OmnipathR] Download ready [key=911416570c2aaa914be32ebf7b85e1eb3d1ff162, version=1]
[2026-04-20 23:38:52] [TRACE]   [OmnipathR] Reading JSON from `C:\Users\lzs19\AppData\Local\Cache\OmnipathR/cache.json` (encoding: UTF-8).
[2026-04-20 23:38:52] [TRACE]   [OmnipathR] JSON validation successful: TRUE
[2026-04-20 23:38:52] [INFO]    [OmnipathR] Cache item `911416570c2aaa914be32ebf7b85e1eb3d1ff162` version 1: status changed from `started` to `ready`.
[2026-04-20 23:38:52] [TRACE]   [OmnipathR] Converting JSON column `extra_attrs` to list.
[2026-04-20 23:38:52] [TRACE]   [OmnipathR] Converting JSON column `evidences` to list.
[2026-04-20 23:38:52] [TRACE]   [OmnipathR] Restricting interaction records to datasets: tf_mirna; and resources: CollecTRI
[2026-04-20 23:38:52] [TRACE]   [OmnipathR] Filtering evidence columns: positive, negative, directed, undirected; to datasets: tf_mirna; and resources: CollecTRI; excluding resources: none
[2026-04-20 23:38:52] [SUCCESS] [OmnipathR] Downloaded 207 interactions.
