[2026-04-23 13:54:50] [INFO]    [OmnipathR] Welcome to OmnipathR!
[2026-04-23 13:54:50] [TRACE]   [OmnipathR] Reading JSON from `C:\Users\lzs19\AppData\Local\cache\OmnipathR/cache.json` (encoding: UTF-8).
[2026-04-23 13:54:50] [TRACE]   [OmnipathR] JSON validation successful: TRUE
[2026-04-23 13:54:50] [INFO]    [OmnipathR] Initialized cache: `C:\Users\lzs19\AppData\Local\cache\OmnipathR`.
[2026-04-23 13:54:50] [TRACE]   [OmnipathR] Reading JSON from `C:/Users/lzs19/AppData/Local/R/win-library/4.4/OmnipathR/db/db_def.json` (encoding: UTF-8).
[2026-04-23 13:54:50] [TRACE]   [OmnipathR] JSON validation successful: TRUE
[2026-04-23 13:54:50] [TRACE]   [OmnipathR] Reading JSON from `C:/Users/lzs19/AppData/Local/R/win-library/4.4/OmnipathR/internal/magic_bytes.json` (encoding: UTF-8).
[2026-04-23 13:54:50] [TRACE]   [OmnipathR] JSON validation successful: TRUE
[2026-04-23 13:54:50] [TRACE]   [OmnipathR] Reading JSON from `C:/Users/lzs19/AppData/Local/R/win-library/4.4/OmnipathR/internal/urls.json` (encoding: UTF-8).
[2026-04-23 13:54:50] [TRACE]   [OmnipathR] JSON validation successful: TRUE
[2026-04-23 13:54:50] [TRACE]   [OmnipathR] Reading JSON from `C:/Users/lzs19/AppData/Local/R/win-library/4.4/OmnipathR/internal/id_types.json` (encoding: UTF-8).
[2026-04-23 13:54:50] [TRACE]   [OmnipathR] JSON validation successful: TRUE
[2026-04-23 13:54:50] [INFO]    [OmnipathR] Loading database `Ensembl and OMA organism names`.
[2026-04-23 13:54:50] [INFO]    [OmnipathR] Looking up in cache `https://www.ensembl.org/info/about/species.html`: key=7332486db7400730697234bad76ca0c8e4d00799, latest version=1.
[2026-04-23 13:54:50] [TRACE]   [OmnipathR] Cache file path: C:\Users\lzs19\AppData\Local\Cache\OmnipathR/7332486db7400730697234bad76ca0c8e4d00799-1.html
[2026-04-23 13:54:50] [TRACE]   [OmnipathR] Looking up in cache: `https://omabrowser.org/All/oma-species.txt`.
[2026-04-23 13:54:50] [TRACE]   [OmnipathR] Loaded data from RDS `C:\Users\lzs19\AppData\Local\Cache\OmnipathR/30e690cbb55dfc63b5903ab337f34ffc2f4be397-1.rds`.
[2026-04-23 13:54:50] [INFO]    [OmnipathR] Loaded database `Ensembl and OMA organism names`.
[2026-04-23 13:54:50] [TRACE]   [OmnipathR] Looking up in cache: `https://omnipathdb.org/interactions?genesymbols=yes&datasets=collectri&organisms=9606&dorothea_levels=A,B&fields=extra_attrs,evidences,sources,references,curation_effort&loops=yes&license=academic`
[2026-04-23 13:54:51] [TRACE]   [OmnipathR] Loaded data from RDS `C:\Users\lzs19\AppData\Local\Cache\OmnipathR/5e82de18cbd9b5d9237867d70ab653aa2a24da2e-1.rds`.
[2026-04-23 13:54:51] [INFO]    [OmnipathR] Loaded from cache: `https://omnipathdb.org/interactions?genesymbols=yes&datasets=collectri&organisms=9606&dorothea_levels=A,B&fields=extra_attrs,evidences,sources,references,curation_effort&loops=yes&license=academic`
[2026-04-23 13:54:51] [TRACE]   [OmnipathR] Converting JSON column `extra_attrs` to list.
[2026-04-23 13:54:52] [TRACE]   [OmnipathR] Converting JSON column `evidences` to list.
[2026-04-23 13:54:56] [TRACE]   [OmnipathR] Restricting interaction records to datasets: collectri; and resources: any
[2026-04-23 13:54:59] [TRACE]   [OmnipathR] Filtering evidence columns: positive, negative, directed, undirected; to datasets: collectri; and resources: any; excluding resources: none
[2026-04-23 13:56:09] [SUCCESS] [OmnipathR] Downloaded 64979 interactions.
[2026-04-23 13:56:09] [TRACE]   [OmnipathR] Reading JSON from `https://omnipathdb.org/resources` (encoding: UTF-8).
[2026-04-23 13:56:09] [TRACE]   [OmnipathR] JSON validation successful: TRUE
[2026-04-23 13:56:09] [TRACE]   [OmnipathR] Looking up in cache: `https://omnipathdb.org/interactions?genesymbols=yes&resources=CollecTRI&datasets=tf_mirna&organisms=9606&fields=extra_attrs,evidences,sources,references,curation_effort&license=academic`
[2026-04-23 13:56:09] [TRACE]   [OmnipathR] Loaded data from RDS `C:\Users\lzs19\AppData\Local\Cache\OmnipathR/911416570c2aaa914be32ebf7b85e1eb3d1ff162-1.rds`.
[2026-04-23 13:56:09] [INFO]    [OmnipathR] Loaded from cache: `https://omnipathdb.org/interactions?genesymbols=yes&resources=CollecTRI&datasets=tf_mirna&organisms=9606&fields=extra_attrs,evidences,sources,references,curation_effort&license=academic`
[2026-04-23 13:56:09] [TRACE]   [OmnipathR] Converting JSON column `extra_attrs` to list.
[2026-04-23 13:56:09] [TRACE]   [OmnipathR] Converting JSON column `evidences` to list.
[2026-04-23 13:56:09] [TRACE]   [OmnipathR] Restricting interaction records to datasets: tf_mirna; and resources: CollecTRI
[2026-04-23 13:56:09] [TRACE]   [OmnipathR] Filtering evidence columns: positive, negative, directed, undirected; to datasets: tf_mirna; and resources: CollecTRI; excluding resources: none
[2026-04-23 13:56:09] [SUCCESS] [OmnipathR] Downloaded 207 interactions.
