[2025-11-21 23:36:58.372] [jointLog] [info] setting maxHashResizeThreads to 6
[2025-11-21 23:36:58.372] [jointLog] [info] Fragment incompatibility prior below threshold.  Incompatible fragments will be ignored.
[2025-11-21 23:36:58.374] [jointLog] [info] numQuantThreads = 3
[2025-11-21 23:37:01.245] [fileLog] [info] quantification processed 0 fragments so far

[2025-11-21 23:37:01.094] [jointLog] [info] replaced 4 non-ACGT nucleotides with random nucleotides
[2025-11-21 23:37:06.186] [fileLog] [info] quantification processed 1000000 fragments so far

[2025-11-21 23:37:11.522] [fileLog] [info] quantification processed 2000000 fragments so far

[2025-11-21 23:37:16.187] [jointLog] [info] 

The alignment group queue pool has been exhausted.  8490356 extra fragments were allocated on the heap to saturate the pool.  No new fragments will be allocated


[2025-11-21 23:37:18.526] [fileLog] [info] quantification processed 3000000 fragments so far

[2025-11-21 23:37:36.031] [fileLog] [info] quantification processed 4000000 fragments so far

[2025-11-21 23:37:54.780] [fileLog] [info] quantification processed 5000000 fragments so far

[2025-11-21 23:38:14.174] [fileLog] [info] quantification processed 6000000 fragments so far

[2025-11-21 23:38:33.207] [fileLog] [info] quantification processed 7000000 fragments so far

[2025-11-21 23:38:39.712] [fileLog] [info] quantification processed 8000000 fragments so far

[2025-11-21 23:38:44.592] [fileLog] [info] quantification processed 9000000 fragments so far

[2025-11-21 23:38:50.269] [fileLog] [info] quantification processed 10000000 fragments so far

[2025-11-21 23:38:55.930] [fileLog] [info] quantification processed 11000000 fragments so far

[2025-11-21 23:39:01.620] [fileLog] [info] quantification processed 12000000 fragments so far

[2025-11-21 23:39:07.517] [fileLog] [info] quantification processed 13000000 fragments so far

[2025-11-21 23:39:13.383] [fileLog] [info] quantification processed 14000000 fragments so far

[2025-11-21 23:39:19.557] [fileLog] [info] quantification processed 15000000 fragments so far

[2025-11-21 23:39:25.201] [fileLog] [info] quantification processed 16000000 fragments so far

[2025-11-21 23:39:31.034] [fileLog] [info] quantification processed 17000000 fragments so far

[2025-11-21 23:39:36.644] [fileLog] [info] quantification processed 18000000 fragments so far

[2025-11-21 23:39:42.427] [fileLog] [info] quantification processed 19000000 fragments so far

[2025-11-21 23:39:48.301] [fileLog] [info] quantification processed 20000000 fragments so far

[2025-11-21 23:39:54.105] [fileLog] [info] quantification processed 21000000 fragments so far

[2025-11-21 23:40:00.829] [fileLog] [info] quantification processed 22000000 fragments so far

[2025-11-21 23:40:07.198] [fileLog] [info] quantification processed 23000000 fragments so far

[2025-11-21 23:40:13.146] [fileLog] [info] quantification processed 24000000 fragments so far

[2025-11-21 23:40:21.098] [fileLog] [info] quantification processed 25000000 fragments so far

[2025-11-21 23:40:27.830] [fileLog] [info] quantification processed 26000000 fragments so far

[2025-11-21 23:40:32.923] [fileLog] [info] quantification processed 27000000 fragments so far

[2025-11-21 23:40:41.359] [fileLog] [info] quantification processed 28000000 fragments so far

[2025-11-21 23:40:49.533] [fileLog] [info] quantification processed 29000000 fragments so far

[2025-11-21 23:40:54.671] [fileLog] [info] quantification processed 30000000 fragments so far

[2025-11-21 23:40:59.546] [fileLog] [info] quantification processed 31000000 fragments so far

[2025-11-21 23:41:04.149] [fileLog] [info] quantification processed 32000000 fragments so far

[2025-11-21 23:41:05.124] [fileLog] [info] quantification processed 32202852 fragments so far

[2025-11-21 23:41:15.803] [jointLog] [info] Thread saw mini-batch with a maximum of 3.90% zero probability fragments
[2025-11-21 23:41:15.816] [jointLog] [info] Thread saw mini-batch with a maximum of 4.40% zero probability fragments
[2025-11-21 23:41:15.818] [jointLog] [info] Thread saw mini-batch with a maximum of 3.90% zero probability fragments
[2025-11-21 23:41:15.819] [jointLog] [info] 


Completed first pass through the alignment file.
Total # of mapped reads : 32202852
# of uniquely mapped reads : 8195430
# ambiguously mapped reads : 24007422



[2025-11-21 23:41:16.023] [jointLog] [info] Computed 497352 rich equivalence classes for further processing
[2025-11-21 23:41:16.023] [jointLog] [info] Counted 32170639 total reads in the equivalence classes 
[2025-11-21 23:41:16.024] [jointLog] [info] starting optimizer
[2025-11-21 23:41:16.147] [jointLog] [info] Marked 0 weighted equivalence classes as degenerate
[2025-11-21 23:41:16.170] [jointLog] [info] iteration = 0 | max rel diff. = 4483.73
[2025-11-21 23:41:18.296] [jointLog] [info] iteration = 100 | max rel diff. = 14.9971
[2025-11-21 23:41:20.485] [jointLog] [info] iteration = 200 | max rel diff. = 13.5172
[2025-11-21 23:41:22.551] [jointLog] [info] iteration = 300 | max rel diff. = 13.0605
[2025-11-21 23:41:24.814] [jointLog] [info] iteration = 400 | max rel diff. = 0.453033
[2025-11-21 23:41:26.924] [jointLog] [info] iteration = 500 | max rel diff. = 5.15669
[2025-11-21 23:41:28.932] [jointLog] [info] iteration = 600 | max rel diff. = 1.83975
[2025-11-21 23:41:31.117] [jointLog] [info] iteration = 700 | max rel diff. = 0.0770766
[2025-11-21 23:41:33.181] [jointLog] [info] iteration = 800 | max rel diff. = 0.207135
[2025-11-21 23:41:35.288] [jointLog] [info] iteration = 900 | max rel diff. = 1.44163
[2025-11-21 23:41:37.360] [jointLog] [info] iteration = 1000 | max rel diff. = 6.60126
[2025-11-21 23:41:39.419] [jointLog] [info] iteration = 1100 | max rel diff. = 0.0874646
[2025-11-21 23:41:41.467] [jointLog] [info] iteration = 1200 | max rel diff. = 0.0762871
[2025-11-21 23:41:43.547] [jointLog] [info] iteration = 1300 | max rel diff. = 19.2294
[2025-11-21 23:41:45.641] [jointLog] [info] iteration = 1400 | max rel diff. = 0.160664
[2025-11-21 23:41:47.857] [jointLog] [info] iteration = 1500 | max rel diff. = 0.028531
[2025-11-21 23:41:50.230] [jointLog] [info] iteration = 1600 | max rel diff. = 0.146602
[2025-11-21 23:41:52.188] [jointLog] [info] iteration = 1700 | max rel diff. = 0.0951138
[2025-11-21 23:41:54.387] [jointLog] [info] iteration = 1800 | max rel diff. = 1.17914
[2025-11-21 23:41:56.478] [jointLog] [info] iteration = 1900 | max rel diff. = 0.027586
[2025-11-21 23:41:57.273] [jointLog] [info] iteration = 1937 | max rel diff. = 0.00315548
[2025-11-21 23:41:57.281] [jointLog] [info] finished optimizer
[2025-11-21 23:41:57.281] [jointLog] [info] writing output
[2025-11-21 23:41:59.301] [jointLog] [info] Computing gene-level abundance estimates
[2025-11-21 23:42:37.279] [jointLog] [info] There were 252930 transcripts mapping to 63187 genes
[2025-11-21 23:42:37.279] [jointLog] [info] NOTE: We recommend using tximport (https://bioconductor.org/packages/release/bioc/html/tximport.html) for aggregating transcript-level salmon abundance estimates to the gene level.  It is more versatile, exposes more features, and allows considering multi-sample information during aggregation.
[2025-11-21 23:42:37.768] [jointLog] [info] Aggregating expressions to gene level
[2025-11-21 23:42:37.883] [jointLog] [info] done
