[2025-11-21 23:36:50.959] [jointLog] [info] setting maxHashResizeThreads to 6
[2025-11-21 23:36:50.959] [jointLog] [info] Fragment incompatibility prior below threshold.  Incompatible fragments will be ignored.
[2025-11-21 23:36:50.961] [jointLog] [info] numQuantThreads = 3
[2025-11-21 23:36:53.927] [fileLog] [info] quantification processed 0 fragments so far

[2025-11-21 23:36:53.750] [jointLog] [info] replaced 4 non-ACGT nucleotides with random nucleotides
[2025-11-21 23:36:58.783] [fileLog] [info] quantification processed 1000000 fragments so far

[2025-11-21 23:37:03.541] [fileLog] [info] quantification processed 2000000 fragments so far

[2025-11-21 23:37:05.535] [jointLog] [info] 

The alignment group queue pool has been exhausted.  8457846 extra fragments were allocated on the heap to saturate the pool.  No new fragments will be allocated


[2025-11-21 23:37:20.769] [fileLog] [info] quantification processed 3000000 fragments so far

[2025-11-21 23:37:48.463] [fileLog] [info] quantification processed 4000000 fragments so far

[2025-11-21 23:38:15.528] [fileLog] [info] quantification processed 5000000 fragments so far

[2025-11-21 23:38:40.850] [fileLog] [info] quantification processed 6000000 fragments so far

[2025-11-21 23:39:07.195] [fileLog] [info] quantification processed 7000000 fragments so far

[2025-11-21 23:39:12.881] [fileLog] [info] quantification processed 8000000 fragments so far

[2025-11-21 23:39:18.643] [fileLog] [info] quantification processed 9000000 fragments so far

[2025-11-21 23:39:24.407] [fileLog] [info] quantification processed 10000000 fragments so far

[2025-11-21 23:39:30.223] [fileLog] [info] quantification processed 11000000 fragments so far

[2025-11-21 23:39:35.962] [fileLog] [info] quantification processed 12000000 fragments so far

[2025-11-21 23:39:41.899] [fileLog] [info] quantification processed 13000000 fragments so far

[2025-11-21 23:39:47.563] [fileLog] [info] quantification processed 14000000 fragments so far

[2025-11-21 23:39:53.321] [fileLog] [info] quantification processed 15000000 fragments so far

[2025-11-21 23:39:59.000] [fileLog] [info] quantification processed 16000000 fragments so far

[2025-11-21 23:40:04.789] [fileLog] [info] quantification processed 17000000 fragments so far

[2025-11-21 23:40:10.743] [fileLog] [info] quantification processed 18000000 fragments so far

[2025-11-21 23:40:16.625] [fileLog] [info] quantification processed 19000000 fragments so far

[2025-11-21 23:40:22.497] [fileLog] [info] quantification processed 20000000 fragments so far

[2025-11-21 23:40:28.372] [fileLog] [info] quantification processed 21000000 fragments so far

[2025-11-21 23:40:34.286] [fileLog] [info] quantification processed 22000000 fragments so far

[2025-11-21 23:40:40.245] [fileLog] [info] quantification processed 23000000 fragments so far

[2025-11-21 23:40:46.281] [fileLog] [info] quantification processed 24000000 fragments so far

[2025-11-21 23:40:52.313] [fileLog] [info] quantification processed 25000000 fragments so far

[2025-11-21 23:40:58.354] [fileLog] [info] quantification processed 26000000 fragments so far

[2025-11-21 23:41:04.174] [fileLog] [info] quantification processed 27000000 fragments so far

[2025-11-21 23:41:10.301] [fileLog] [info] quantification processed 28000000 fragments so far

[2025-11-21 23:41:16.250] [fileLog] [info] quantification processed 29000000 fragments so far

[2025-11-21 23:41:22.202] [fileLog] [info] quantification processed 30000000 fragments so far

[2025-11-21 23:41:28.285] [fileLog] [info] quantification processed 31000000 fragments so far

[2025-11-21 23:41:31.466] [fileLog] [info] quantification processed 31516317 fragments so far

[2025-11-21 23:41:42.786] [jointLog] [info] Thread saw mini-batch with a maximum of 3.40% zero probability fragments
[2025-11-21 23:41:42.788] [jointLog] [info] Thread saw mini-batch with a maximum of 3.90% zero probability fragments
[2025-11-21 23:41:42.796] [jointLog] [info] Thread saw mini-batch with a maximum of 3.90% zero probability fragments
[2025-11-21 23:41:42.797] [jointLog] [info] 


Completed first pass through the alignment file.
Total # of mapped reads : 31516317
# of uniquely mapped reads : 7863022
# ambiguously mapped reads : 23653295



[2025-11-21 23:41:42.997] [jointLog] [info] Computed 488370 rich equivalence classes for further processing
[2025-11-21 23:41:42.997] [jointLog] [info] Counted 31489440 total reads in the equivalence classes 
[2025-11-21 23:41:42.998] [jointLog] [info] starting optimizer
[2025-11-21 23:41:43.103] [jointLog] [info] Marked 0 weighted equivalence classes as degenerate
[2025-11-21 23:41:43.133] [jointLog] [info] iteration = 0 | max rel diff. = 4601.48
[2025-11-21 23:41:45.607] [jointLog] [info] iteration = 100 | max rel diff. = 17.1288
[2025-11-21 23:41:48.018] [jointLog] [info] iteration = 200 | max rel diff. = 18.313
[2025-11-21 23:41:50.464] [jointLog] [info] iteration = 300 | max rel diff. = 11.1089
[2025-11-21 23:41:52.870] [jointLog] [info] iteration = 400 | max rel diff. = 1.66955
[2025-11-21 23:41:55.340] [jointLog] [info] iteration = 500 | max rel diff. = 1.03536
[2025-11-21 23:41:57.677] [jointLog] [info] iteration = 600 | max rel diff. = 1.43748
[2025-11-21 23:42:00.065] [jointLog] [info] iteration = 700 | max rel diff. = 16.4988
[2025-11-21 23:42:02.309] [jointLog] [info] iteration = 800 | max rel diff. = 0.68527
[2025-11-21 23:42:04.736] [jointLog] [info] iteration = 900 | max rel diff. = 0.197224
[2025-11-21 23:42:07.163] [jointLog] [info] iteration = 1000 | max rel diff. = 0.576211
[2025-11-21 23:42:09.593] [jointLog] [info] iteration = 1100 | max rel diff. = 0.0699368
[2025-11-21 23:42:11.956] [jointLog] [info] iteration = 1200 | max rel diff. = 0.0926786
[2025-11-21 23:42:14.381] [jointLog] [info] iteration = 1300 | max rel diff. = 0.0701303
[2025-11-21 23:42:16.683] [jointLog] [info] iteration = 1400 | max rel diff. = 0.28392
[2025-11-21 23:42:19.010] [jointLog] [info] iteration = 1500 | max rel diff. = 0.016557
[2025-11-21 23:42:21.349] [jointLog] [info] iteration = 1600 | max rel diff. = 0.0901828
[2025-11-21 23:42:23.983] [jointLog] [info] iteration = 1700 | max rel diff. = 0.0280712
[2025-11-21 23:42:26.637] [jointLog] [info] iteration = 1800 | max rel diff. = 2.22324
[2025-11-21 23:42:29.150] [jointLog] [info] iteration = 1895 | max rel diff. = 0.00504199
[2025-11-21 23:42:29.163] [jointLog] [info] finished optimizer
[2025-11-21 23:42:29.163] [jointLog] [info] writing output
[2025-11-21 23:42:31.690] [jointLog] [info] Computing gene-level abundance estimates
[2025-11-21 23:43:10.197] [jointLog] [info] There were 252930 transcripts mapping to 63187 genes
[2025-11-21 23:43:10.197] [jointLog] [info] NOTE: We recommend using tximport (https://bioconductor.org/packages/release/bioc/html/tximport.html) for aggregating transcript-level salmon abundance estimates to the gene level.  It is more versatile, exposes more features, and allows considering multi-sample information during aggregation.
[2025-11-21 23:43:10.643] [jointLog] [info] Aggregating expressions to gene level
[2025-11-21 23:43:10.749] [jointLog] [info] done
