[2025-11-21 23:36:41.815] [jointLog] [info] setting maxHashResizeThreads to 6
[2025-11-21 23:36:41.815] [jointLog] [info] Fragment incompatibility prior below threshold.  Incompatible fragments will be ignored.
[2025-11-21 23:36:41.851] [jointLog] [info] numQuantThreads = 3
[2025-11-21 23:36:44.382] [fileLog] [info] quantification processed 0 fragments so far

[2025-11-21 23:36:44.258] [jointLog] [info] replaced 4 non-ACGT nucleotides with random nucleotides
[2025-11-21 23:36:48.078] [fileLog] [info] quantification processed 1000000 fragments so far

[2025-11-21 23:36:51.992] [fileLog] [info] quantification processed 2000000 fragments so far

[2025-11-21 23:36:54.652] [jointLog] [info] 

The alignment group queue pool has been exhausted.  8522513 extra fragments were allocated on the heap to saturate the pool.  No new fragments will be allocated


[2025-11-21 23:36:59.129] [fileLog] [info] quantification processed 3000000 fragments so far

[2025-11-21 23:37:13.714] [fileLog] [info] quantification processed 4000000 fragments so far

[2025-11-21 23:37:28.298] [fileLog] [info] quantification processed 5000000 fragments so far

[2025-11-21 23:37:42.854] [fileLog] [info] quantification processed 6000000 fragments so far

[2025-11-21 23:37:57.435] [fileLog] [info] quantification processed 7000000 fragments so far

[2025-11-21 23:38:02.397] [fileLog] [info] quantification processed 8000000 fragments so far

[2025-11-21 23:38:07.360] [fileLog] [info] quantification processed 9000000 fragments so far

[2025-11-21 23:38:12.363] [fileLog] [info] quantification processed 10000000 fragments so far

[2025-11-21 23:38:17.335] [fileLog] [info] quantification processed 11000000 fragments so far

[2025-11-21 23:38:22.295] [fileLog] [info] quantification processed 12000000 fragments so far

[2025-11-21 23:38:27.260] [fileLog] [info] quantification processed 13000000 fragments so far

[2025-11-21 23:38:32.272] [fileLog] [info] quantification processed 14000000 fragments so far

[2025-11-21 23:38:37.276] [fileLog] [info] quantification processed 15000000 fragments so far

[2025-11-21 23:38:42.289] [fileLog] [info] quantification processed 16000000 fragments so far

[2025-11-21 23:38:47.287] [fileLog] [info] quantification processed 17000000 fragments so far

[2025-11-21 23:38:52.321] [fileLog] [info] quantification processed 18000000 fragments so far

[2025-11-21 23:38:57.341] [fileLog] [info] quantification processed 19000000 fragments so far

[2025-11-21 23:39:02.370] [fileLog] [info] quantification processed 20000000 fragments so far

[2025-11-21 23:39:07.353] [fileLog] [info] quantification processed 21000000 fragments so far

[2025-11-21 23:39:12.429] [fileLog] [info] quantification processed 22000000 fragments so far

[2025-11-21 23:39:17.482] [fileLog] [info] quantification processed 23000000 fragments so far

[2025-11-21 23:39:22.511] [fileLog] [info] quantification processed 24000000 fragments so far

[2025-11-21 23:39:27.537] [fileLog] [info] quantification processed 25000000 fragments so far

[2025-11-21 23:39:32.597] [fileLog] [info] quantification processed 26000000 fragments so far

[2025-11-21 23:39:37.631] [fileLog] [info] quantification processed 27000000 fragments so far

[2025-11-21 23:39:42.689] [fileLog] [info] quantification processed 28000000 fragments so far

[2025-11-21 23:39:47.769] [fileLog] [info] quantification processed 29000000 fragments so far

[2025-11-21 23:39:52.893] [fileLog] [info] quantification processed 30000000 fragments so far

[2025-11-21 23:39:57.948] [fileLog] [info] quantification processed 31000000 fragments so far

[2025-11-21 23:40:02.978] [fileLog] [info] quantification processed 32000000 fragments so far

[2025-11-21 23:40:05.318] [fileLog] [info] quantification processed 32464615 fragments so far

[2025-11-21 23:40:15.319] [jointLog] [info] Thread saw mini-batch with a maximum of 4.00% zero probability fragments
[2025-11-21 23:40:15.319] [jointLog] [info] Thread saw mini-batch with a maximum of 4.00% zero probability fragments
[2025-11-21 23:40:15.322] [jointLog] [info] Thread saw mini-batch with a maximum of 3.40% zero probability fragments
[2025-11-21 23:40:15.322] [jointLog] [info] 


Completed first pass through the alignment file.
Total # of mapped reads : 32464615
# of uniquely mapped reads : 8119221
# ambiguously mapped reads : 24345394



[2025-11-21 23:40:15.482] [jointLog] [info] Computed 496071 rich equivalence classes for further processing
[2025-11-21 23:40:15.482] [jointLog] [info] Counted 32436040 total reads in the equivalence classes 
[2025-11-21 23:40:15.483] [jointLog] [info] starting optimizer
[2025-11-21 23:40:15.566] [jointLog] [info] Marked 0 weighted equivalence classes as degenerate
[2025-11-21 23:40:15.583] [jointLog] [info] iteration = 0 | max rel diff. = 4491.66
[2025-11-21 23:40:17.080] [jointLog] [info] iteration = 100 | max rel diff. = 17.9232
[2025-11-21 23:40:18.572] [jointLog] [info] iteration = 200 | max rel diff. = 3.32014
[2025-11-21 23:40:20.069] [jointLog] [info] iteration = 300 | max rel diff. = 1.13371
[2025-11-21 23:40:21.561] [jointLog] [info] iteration = 400 | max rel diff. = 2.2223
[2025-11-21 23:40:23.053] [jointLog] [info] iteration = 500 | max rel diff. = 2.25194
[2025-11-21 23:40:24.544] [jointLog] [info] iteration = 600 | max rel diff. = 0.184415
[2025-11-21 23:40:26.045] [jointLog] [info] iteration = 700 | max rel diff. = 0.0710188
[2025-11-21 23:40:27.537] [jointLog] [info] iteration = 800 | max rel diff. = 1.21379
[2025-11-21 23:40:29.029] [jointLog] [info] iteration = 900 | max rel diff. = 0.115107
[2025-11-21 23:40:30.538] [jointLog] [info] iteration = 1000 | max rel diff. = 0.347744
[2025-11-21 23:40:32.030] [jointLog] [info] iteration = 1100 | max rel diff. = 0.0467132
[2025-11-21 23:40:33.522] [jointLog] [info] iteration = 1200 | max rel diff. = 0.0275559
[2025-11-21 23:40:35.014] [jointLog] [info] iteration = 1300 | max rel diff. = 0.0530033
[2025-11-21 23:40:36.517] [jointLog] [info] iteration = 1400 | max rel diff. = 0.0372329
[2025-11-21 23:40:38.009] [jointLog] [info] iteration = 1500 | max rel diff. = 0.0679443
[2025-11-21 23:40:39.501] [jointLog] [info] iteration = 1600 | max rel diff. = 0.210392
[2025-11-21 23:40:41.006] [jointLog] [info] iteration = 1700 | max rel diff. = 0.0354173
[2025-11-21 23:40:42.499] [jointLog] [info] iteration = 1800 | max rel diff. = 0.0137493
[2025-11-21 23:40:43.990] [jointLog] [info] iteration = 1900 | max rel diff. = 0.0280625
[2025-11-21 23:40:45.490] [jointLog] [info] iteration = 2000 | max rel diff. = 0.10727
[2025-11-21 23:40:46.981] [jointLog] [info] iteration = 2100 | max rel diff. = 0.0432357
[2025-11-21 23:40:48.472] [jointLog] [info] iteration = 2200 | max rel diff. = 0.107678
[2025-11-21 23:40:48.905] [jointLog] [info] iteration = 2230 | max rel diff. = 0.00660708
[2025-11-21 23:40:48.912] [jointLog] [info] finished optimizer
[2025-11-21 23:40:48.912] [jointLog] [info] writing output
[2025-11-21 23:40:50.638] [jointLog] [info] Computing gene-level abundance estimates
[2025-11-21 23:41:27.005] [jointLog] [info] There were 252930 transcripts mapping to 63187 genes
[2025-11-21 23:41:27.005] [jointLog] [info] NOTE: We recommend using tximport (https://bioconductor.org/packages/release/bioc/html/tximport.html) for aggregating transcript-level salmon abundance estimates to the gene level.  It is more versatile, exposes more features, and allows considering multi-sample information during aggregation.
[2025-11-21 23:41:27.311] [jointLog] [info] Aggregating expressions to gene level
[2025-11-21 23:41:27.402] [jointLog] [info] done
