[2025-11-10 12:41:10,986] multiqc                                            [DEBUG  ]  No MultiQC config found: /rds/bear-apps/2019b/EL8-cas/software/MultiQC/1.9-foss-2019b-Python-3.7.4/lib/python3.7/site-packages/multiqc_config.yaml
[2025-11-10 12:41:10,986] multiqc                                            [DEBUG  ]  No MultiQC config found: /rds/homes/z/zxl749/.multiqc_config.yaml
[2025-11-10 12:41:10,986] multiqc                                            [DEBUG  ]  No MultiQC config found: multiqc_config.yaml
[2025-11-10 12:41:10,987] multiqc                                            [DEBUG  ]  Command used: /rds/bear-apps/2019b/EL8-cas/software/MultiQC/1.9-foss-2019b-Python-3.7.4/bin/multiqc ./fastqc/
[2025-11-10 12:41:11,966] multiqc                                            [WARNING]  MultiQC Version v1.32 now available!
[2025-11-10 12:41:11,966] multiqc                                            [INFO   ]  This is MultiQC v1.9
[2025-11-10 12:41:11,967] multiqc                                            [DEBUG  ]  Command     : /rds/bear-apps/2019b/EL8-cas/software/MultiQC/1.9-foss-2019b-Python-3.7.4/bin/multiqc ./fastqc/
[2025-11-10 12:41:11,967] multiqc                                            [DEBUG  ]  Working dir : /rds/projects/g/gendood-preclinomics/EHMT2/ATACSeq_data_Saad/CleanData
[2025-11-10 12:41:11,967] multiqc                                            [INFO   ]  Template    : default
[2025-11-10 12:41:11,967] multiqc                                            [DEBUG  ]  Running Python 3.7.4 (default, Sep  8 2020, 13:50:53)  [GCC 8.3.0]
[2025-11-10 12:41:11,967] multiqc                                            [INFO   ]  Searching   : /rds/projects/g/gendood-preclinomics/EHMT2/ATACSeq_data_Saad/CleanData/fastqc
[2025-11-10 12:41:11,967] multiqc                                            [DEBUG  ]  Analysing modules: custom_content, conpair, peddy, somalier, methylQA, mosdepth, phantompeakqualtools, qualimap, preseq, quast, qorts, rna_seqc, rockhopper, rsem, rseqc, busco, goleft_indexcov, disambiguate, supernova, deeptools, sargasso, verifybamid, mirtrace, happy, mirtop, homer, macs2, theta2, snpeff, gatk, htseq, bcftools, featureCounts, fgbio, dragen, dedup, damageprofiler, biobambam2, mtnucratio, picard, prokka, samblaster, samtools, sexdeterrmine, bamtools, jellyfish, vcftools, longranger, stacks, varscan2, bbmap, bismark, biscuit, hicexplorer, hicup, hicpro, salmon, kallisto, slamdunk, star, hisat2, tophat, bowtie2, bowtie1, snpsplit, kat, leehom, adapterRemoval, clipandmerge, cutadapt, flexbar, kaiju, kraken, malt, trimmomatic, sickle, skewer, sortmerna, biobloomtools, fastq_screen, afterqc, fastp, fastqc, pycoqc, minionqc, multivcfanalyzer, clusterflow, bcl2fastq, interop, ivar, flash, seqyclean
[2025-11-10 12:41:11,967] multiqc                                            [DEBUG  ]  Using temporary directory for creating report: /tmp/tmpos3n566n
[2025-11-10 12:41:12,496] multiqc                                            [DEBUG  ]  File ignored by hicexplorer because it exceeded search pattern filesize limit: B2-1-KD_R1_001_val_1_fastqc.html
[2025-11-10 12:41:12,498] multiqc                                            [DEBUG  ]  File ignored by longranger/invocation because it exceeded search pattern filesize limit: B2-1-KD_R1_001_val_1_fastqc.html
[2025-11-10 12:41:12,498] multiqc                                            [DEBUG  ]  File ignored by rockhopper because it exceeded search pattern filesize limit: B2-1-KD_R1_001_val_1_fastqc.html
[2025-11-10 12:41:12,498] multiqc                                            [DEBUG  ]  File ignored by rseqc/bam_stat because it exceeded search pattern filesize limit: B2-1-KD_R1_001_val_1_fastqc.html
[2025-11-10 12:41:12,498] multiqc                                            [DEBUG  ]  File ignored by rseqc/junction_annotation because it exceeded search pattern filesize limit: B2-1-KD_R1_001_val_1_fastqc.html
[2025-11-10 12:41:12,498] multiqc                                            [DEBUG  ]  File ignored by rseqc/read_distribution because it exceeded search pattern filesize limit: B2-1-KD_R1_001_val_1_fastqc.html
[2025-11-10 12:41:12,498] multiqc                                            [DEBUG  ]  File ignored by rseqc/infer_experiment because it exceeded search pattern filesize limit: B2-1-KD_R1_001_val_1_fastqc.html
[2025-11-10 12:41:12,599] multiqc                                            [DEBUG  ]  File ignored by hicexplorer because it exceeded search pattern filesize limit: B4-1-KD-T_R2_001_val_2_fastqc.html
[2025-11-10 12:41:12,601] multiqc                                            [DEBUG  ]  File ignored by longranger/invocation because it exceeded search pattern filesize limit: B4-1-KD-T_R2_001_val_2_fastqc.html
[2025-11-10 12:41:12,601] multiqc                                            [DEBUG  ]  File ignored by rockhopper because it exceeded search pattern filesize limit: B4-1-KD-T_R2_001_val_2_fastqc.html
[2025-11-10 12:41:12,601] multiqc                                            [DEBUG  ]  File ignored by rseqc/bam_stat because it exceeded search pattern filesize limit: B4-1-KD-T_R2_001_val_2_fastqc.html
[2025-11-10 12:41:12,601] multiqc                                            [DEBUG  ]  File ignored by rseqc/junction_annotation because it exceeded search pattern filesize limit: B4-1-KD-T_R2_001_val_2_fastqc.html
[2025-11-10 12:41:12,601] multiqc                                            [DEBUG  ]  File ignored by rseqc/read_distribution because it exceeded search pattern filesize limit: B4-1-KD-T_R2_001_val_2_fastqc.html
[2025-11-10 12:41:12,601] multiqc                                            [DEBUG  ]  File ignored by rseqc/infer_experiment because it exceeded search pattern filesize limit: B4-1-KD-T_R2_001_val_2_fastqc.html
[2025-11-10 12:41:12,691] multiqc                                            [DEBUG  ]  File ignored by hicexplorer because it exceeded search pattern filesize limit: C3-1-C-T_R2_001_val_2_fastqc.html
[2025-11-10 12:41:12,692] multiqc                                            [DEBUG  ]  File ignored by longranger/invocation because it exceeded search pattern filesize limit: C3-1-C-T_R2_001_val_2_fastqc.html
[2025-11-10 12:41:12,692] multiqc                                            [DEBUG  ]  File ignored by rockhopper because it exceeded search pattern filesize limit: C3-1-C-T_R2_001_val_2_fastqc.html
[2025-11-10 12:41:12,692] multiqc                                            [DEBUG  ]  File ignored by rseqc/bam_stat because it exceeded search pattern filesize limit: C3-1-C-T_R2_001_val_2_fastqc.html
[2025-11-10 12:41:12,692] multiqc                                            [DEBUG  ]  File ignored by rseqc/junction_annotation because it exceeded search pattern filesize limit: C3-1-C-T_R2_001_val_2_fastqc.html
[2025-11-10 12:41:12,692] multiqc                                            [DEBUG  ]  File ignored by rseqc/read_distribution because it exceeded search pattern filesize limit: C3-1-C-T_R2_001_val_2_fastqc.html
[2025-11-10 12:41:12,692] multiqc                                            [DEBUG  ]  File ignored by rseqc/infer_experiment because it exceeded search pattern filesize limit: C3-1-C-T_R2_001_val_2_fastqc.html
[2025-11-10 12:41:12,775] multiqc                                            [DEBUG  ]  File ignored by hicexplorer because it exceeded search pattern filesize limit: C4-1-KD-T_R1_001_val_1_fastqc.html
[2025-11-10 12:41:12,776] multiqc                                            [DEBUG  ]  File ignored by longranger/invocation because it exceeded search pattern filesize limit: C4-1-KD-T_R1_001_val_1_fastqc.html
[2025-11-10 12:41:12,776] multiqc                                            [DEBUG  ]  File ignored by rockhopper because it exceeded search pattern filesize limit: C4-1-KD-T_R1_001_val_1_fastqc.html
[2025-11-10 12:41:12,776] multiqc                                            [DEBUG  ]  File ignored by rseqc/bam_stat because it exceeded search pattern filesize limit: C4-1-KD-T_R1_001_val_1_fastqc.html
[2025-11-10 12:41:12,776] multiqc                                            [DEBUG  ]  File ignored by rseqc/junction_annotation because it exceeded search pattern filesize limit: C4-1-KD-T_R1_001_val_1_fastqc.html
[2025-11-10 12:41:12,777] multiqc                                            [DEBUG  ]  File ignored by rseqc/read_distribution because it exceeded search pattern filesize limit: C4-1-KD-T_R1_001_val_1_fastqc.html
[2025-11-10 12:41:12,777] multiqc                                            [DEBUG  ]  File ignored by rseqc/infer_experiment because it exceeded search pattern filesize limit: C4-1-KD-T_R1_001_val_1_fastqc.html
[2025-11-10 12:41:12,867] multiqc                                            [DEBUG  ]  File ignored by hicexplorer because it exceeded search pattern filesize limit: B1-1-C_R1_001_val_1_fastqc.html
[2025-11-10 12:41:12,868] multiqc                                            [DEBUG  ]  File ignored by longranger/invocation because it exceeded search pattern filesize limit: B1-1-C_R1_001_val_1_fastqc.html
[2025-11-10 12:41:12,868] multiqc                                            [DEBUG  ]  File ignored by rockhopper because it exceeded search pattern filesize limit: B1-1-C_R1_001_val_1_fastqc.html
[2025-11-10 12:41:12,868] multiqc                                            [DEBUG  ]  File ignored by rseqc/bam_stat because it exceeded search pattern filesize limit: B1-1-C_R1_001_val_1_fastqc.html
[2025-11-10 12:41:12,868] multiqc                                            [DEBUG  ]  File ignored by rseqc/junction_annotation because it exceeded search pattern filesize limit: B1-1-C_R1_001_val_1_fastqc.html
[2025-11-10 12:41:12,869] multiqc                                            [DEBUG  ]  File ignored by rseqc/read_distribution because it exceeded search pattern filesize limit: B1-1-C_R1_001_val_1_fastqc.html
[2025-11-10 12:41:12,869] multiqc                                            [DEBUG  ]  File ignored by rseqc/infer_experiment because it exceeded search pattern filesize limit: B1-1-C_R1_001_val_1_fastqc.html
[2025-11-10 12:41:12,944] multiqc                                            [DEBUG  ]  File ignored by hicexplorer because it exceeded search pattern filesize limit: C1-1-C_R1_001_val_1_fastqc.html
[2025-11-10 12:41:12,946] multiqc                                            [DEBUG  ]  File ignored by longranger/invocation because it exceeded search pattern filesize limit: C1-1-C_R1_001_val_1_fastqc.html
[2025-11-10 12:41:12,946] multiqc                                            [DEBUG  ]  File ignored by rockhopper because it exceeded search pattern filesize limit: C1-1-C_R1_001_val_1_fastqc.html
[2025-11-10 12:41:12,946] multiqc                                            [DEBUG  ]  File ignored by rseqc/bam_stat because it exceeded search pattern filesize limit: C1-1-C_R1_001_val_1_fastqc.html
[2025-11-10 12:41:12,946] multiqc                                            [DEBUG  ]  File ignored by rseqc/junction_annotation because it exceeded search pattern filesize limit: C1-1-C_R1_001_val_1_fastqc.html
[2025-11-10 12:41:12,946] multiqc                                            [DEBUG  ]  File ignored by rseqc/read_distribution because it exceeded search pattern filesize limit: C1-1-C_R1_001_val_1_fastqc.html
[2025-11-10 12:41:12,946] multiqc                                            [DEBUG  ]  File ignored by rseqc/infer_experiment because it exceeded search pattern filesize limit: C1-1-C_R1_001_val_1_fastqc.html
[2025-11-10 12:41:13,032] multiqc                                            [DEBUG  ]  File ignored by hicexplorer because it exceeded search pattern filesize limit: C2-1-KD_R1_001_val_1_fastqc.html
[2025-11-10 12:41:13,034] multiqc                                            [DEBUG  ]  File ignored by longranger/invocation because it exceeded search pattern filesize limit: C2-1-KD_R1_001_val_1_fastqc.html
[2025-11-10 12:41:13,034] multiqc                                            [DEBUG  ]  File ignored by rockhopper because it exceeded search pattern filesize limit: C2-1-KD_R1_001_val_1_fastqc.html
[2025-11-10 12:41:13,034] multiqc                                            [DEBUG  ]  File ignored by rseqc/bam_stat because it exceeded search pattern filesize limit: C2-1-KD_R1_001_val_1_fastqc.html
[2025-11-10 12:41:13,034] multiqc                                            [DEBUG  ]  File ignored by rseqc/junction_annotation because it exceeded search pattern filesize limit: C2-1-KD_R1_001_val_1_fastqc.html
[2025-11-10 12:41:13,034] multiqc                                            [DEBUG  ]  File ignored by rseqc/read_distribution because it exceeded search pattern filesize limit: C2-1-KD_R1_001_val_1_fastqc.html
[2025-11-10 12:41:13,034] multiqc                                            [DEBUG  ]  File ignored by rseqc/infer_experiment because it exceeded search pattern filesize limit: C2-1-KD_R1_001_val_1_fastqc.html
[2025-11-10 12:41:13,112] multiqc                                            [DEBUG  ]  File ignored by hicexplorer because it exceeded search pattern filesize limit: C1-1-C_R2_001_val_2_fastqc.html
[2025-11-10 12:41:13,113] multiqc                                            [DEBUG  ]  File ignored by longranger/invocation because it exceeded search pattern filesize limit: C1-1-C_R2_001_val_2_fastqc.html
[2025-11-10 12:41:13,113] multiqc                                            [DEBUG  ]  File ignored by rockhopper because it exceeded search pattern filesize limit: C1-1-C_R2_001_val_2_fastqc.html
[2025-11-10 12:41:13,113] multiqc                                            [DEBUG  ]  File ignored by rseqc/bam_stat because it exceeded search pattern filesize limit: C1-1-C_R2_001_val_2_fastqc.html
[2025-11-10 12:41:13,113] multiqc                                            [DEBUG  ]  File ignored by rseqc/junction_annotation because it exceeded search pattern filesize limit: C1-1-C_R2_001_val_2_fastqc.html
[2025-11-10 12:41:13,113] multiqc                                            [DEBUG  ]  File ignored by rseqc/read_distribution because it exceeded search pattern filesize limit: C1-1-C_R2_001_val_2_fastqc.html
[2025-11-10 12:41:13,113] multiqc                                            [DEBUG  ]  File ignored by rseqc/infer_experiment because it exceeded search pattern filesize limit: C1-1-C_R2_001_val_2_fastqc.html
[2025-11-10 12:41:13,174] multiqc                                            [DEBUG  ]  File ignored by hicexplorer because it exceeded search pattern filesize limit: C4-1-KD-T_R2_001_val_2_fastqc.html
[2025-11-10 12:41:13,175] multiqc                                            [DEBUG  ]  File ignored by longranger/invocation because it exceeded search pattern filesize limit: C4-1-KD-T_R2_001_val_2_fastqc.html
[2025-11-10 12:41:13,175] multiqc                                            [DEBUG  ]  File ignored by rockhopper because it exceeded search pattern filesize limit: C4-1-KD-T_R2_001_val_2_fastqc.html
[2025-11-10 12:41:13,175] multiqc                                            [DEBUG  ]  File ignored by rseqc/bam_stat because it exceeded search pattern filesize limit: C4-1-KD-T_R2_001_val_2_fastqc.html
[2025-11-10 12:41:13,175] multiqc                                            [DEBUG  ]  File ignored by rseqc/junction_annotation because it exceeded search pattern filesize limit: C4-1-KD-T_R2_001_val_2_fastqc.html
[2025-11-10 12:41:13,175] multiqc                                            [DEBUG  ]  File ignored by rseqc/read_distribution because it exceeded search pattern filesize limit: C4-1-KD-T_R2_001_val_2_fastqc.html
[2025-11-10 12:41:13,175] multiqc                                            [DEBUG  ]  File ignored by rseqc/infer_experiment because it exceeded search pattern filesize limit: C4-1-KD-T_R2_001_val_2_fastqc.html
[2025-11-10 12:41:13,262] multiqc                                            [DEBUG  ]  File ignored by hicexplorer because it exceeded search pattern filesize limit: B3-1-C-T_R1_001_val_1_fastqc.html
[2025-11-10 12:41:13,263] multiqc                                            [DEBUG  ]  File ignored by longranger/invocation because it exceeded search pattern filesize limit: B3-1-C-T_R1_001_val_1_fastqc.html
[2025-11-10 12:41:13,263] multiqc                                            [DEBUG  ]  File ignored by rockhopper because it exceeded search pattern filesize limit: B3-1-C-T_R1_001_val_1_fastqc.html
[2025-11-10 12:41:13,263] multiqc                                            [DEBUG  ]  File ignored by rseqc/bam_stat because it exceeded search pattern filesize limit: B3-1-C-T_R1_001_val_1_fastqc.html
[2025-11-10 12:41:13,263] multiqc                                            [DEBUG  ]  File ignored by rseqc/junction_annotation because it exceeded search pattern filesize limit: B3-1-C-T_R1_001_val_1_fastqc.html
[2025-11-10 12:41:13,263] multiqc                                            [DEBUG  ]  File ignored by rseqc/read_distribution because it exceeded search pattern filesize limit: B3-1-C-T_R1_001_val_1_fastqc.html
[2025-11-10 12:41:13,263] multiqc                                            [DEBUG  ]  File ignored by rseqc/infer_experiment because it exceeded search pattern filesize limit: B3-1-C-T_R1_001_val_1_fastqc.html
[2025-11-10 12:41:13,349] multiqc                                            [DEBUG  ]  File ignored by hicexplorer because it exceeded search pattern filesize limit: B2-1-KD_R2_001_val_2_fastqc.html
[2025-11-10 12:41:13,350] multiqc                                            [DEBUG  ]  File ignored by longranger/invocation because it exceeded search pattern filesize limit: B2-1-KD_R2_001_val_2_fastqc.html
[2025-11-10 12:41:13,350] multiqc                                            [DEBUG  ]  File ignored by rockhopper because it exceeded search pattern filesize limit: B2-1-KD_R2_001_val_2_fastqc.html
[2025-11-10 12:41:13,350] multiqc                                            [DEBUG  ]  File ignored by rseqc/bam_stat because it exceeded search pattern filesize limit: B2-1-KD_R2_001_val_2_fastqc.html
[2025-11-10 12:41:13,350] multiqc                                            [DEBUG  ]  File ignored by rseqc/junction_annotation because it exceeded search pattern filesize limit: B2-1-KD_R2_001_val_2_fastqc.html
[2025-11-10 12:41:13,350] multiqc                                            [DEBUG  ]  File ignored by rseqc/read_distribution because it exceeded search pattern filesize limit: B2-1-KD_R2_001_val_2_fastqc.html
[2025-11-10 12:41:13,350] multiqc                                            [DEBUG  ]  File ignored by rseqc/infer_experiment because it exceeded search pattern filesize limit: B2-1-KD_R2_001_val_2_fastqc.html
[2025-11-10 12:41:13,432] multiqc                                            [DEBUG  ]  File ignored by hicexplorer because it exceeded search pattern filesize limit: B3-1-C-T_R2_001_val_2_fastqc.html
[2025-11-10 12:41:13,434] multiqc                                            [DEBUG  ]  File ignored by longranger/invocation because it exceeded search pattern filesize limit: B3-1-C-T_R2_001_val_2_fastqc.html
[2025-11-10 12:41:13,434] multiqc                                            [DEBUG  ]  File ignored by rockhopper because it exceeded search pattern filesize limit: B3-1-C-T_R2_001_val_2_fastqc.html
[2025-11-10 12:41:13,434] multiqc                                            [DEBUG  ]  File ignored by rseqc/bam_stat because it exceeded search pattern filesize limit: B3-1-C-T_R2_001_val_2_fastqc.html
[2025-11-10 12:41:13,434] multiqc                                            [DEBUG  ]  File ignored by rseqc/junction_annotation because it exceeded search pattern filesize limit: B3-1-C-T_R2_001_val_2_fastqc.html
[2025-11-10 12:41:13,434] multiqc                                            [DEBUG  ]  File ignored by rseqc/read_distribution because it exceeded search pattern filesize limit: B3-1-C-T_R2_001_val_2_fastqc.html
[2025-11-10 12:41:13,434] multiqc                                            [DEBUG  ]  File ignored by rseqc/infer_experiment because it exceeded search pattern filesize limit: B3-1-C-T_R2_001_val_2_fastqc.html
[2025-11-10 12:41:13,518] multiqc                                            [DEBUG  ]  File ignored by hicexplorer because it exceeded search pattern filesize limit: B4-1-KD-T_R1_001_val_1_fastqc.html
[2025-11-10 12:41:13,519] multiqc                                            [DEBUG  ]  File ignored by longranger/invocation because it exceeded search pattern filesize limit: B4-1-KD-T_R1_001_val_1_fastqc.html
[2025-11-10 12:41:13,519] multiqc                                            [DEBUG  ]  File ignored by rockhopper because it exceeded search pattern filesize limit: B4-1-KD-T_R1_001_val_1_fastqc.html
[2025-11-10 12:41:13,520] multiqc                                            [DEBUG  ]  File ignored by rseqc/bam_stat because it exceeded search pattern filesize limit: B4-1-KD-T_R1_001_val_1_fastqc.html
[2025-11-10 12:41:13,520] multiqc                                            [DEBUG  ]  File ignored by rseqc/junction_annotation because it exceeded search pattern filesize limit: B4-1-KD-T_R1_001_val_1_fastqc.html
[2025-11-10 12:41:13,520] multiqc                                            [DEBUG  ]  File ignored by rseqc/read_distribution because it exceeded search pattern filesize limit: B4-1-KD-T_R1_001_val_1_fastqc.html
[2025-11-10 12:41:13,520] multiqc                                            [DEBUG  ]  File ignored by rseqc/infer_experiment because it exceeded search pattern filesize limit: B4-1-KD-T_R1_001_val_1_fastqc.html
[2025-11-10 12:41:13,603] multiqc                                            [DEBUG  ]  File ignored by hicexplorer because it exceeded search pattern filesize limit: B1-1-C_R2_001_val_2_fastqc.html
[2025-11-10 12:41:13,604] multiqc                                            [DEBUG  ]  File ignored by longranger/invocation because it exceeded search pattern filesize limit: B1-1-C_R2_001_val_2_fastqc.html
[2025-11-10 12:41:13,604] multiqc                                            [DEBUG  ]  File ignored by rockhopper because it exceeded search pattern filesize limit: B1-1-C_R2_001_val_2_fastqc.html
[2025-11-10 12:41:13,604] multiqc                                            [DEBUG  ]  File ignored by rseqc/bam_stat because it exceeded search pattern filesize limit: B1-1-C_R2_001_val_2_fastqc.html
[2025-11-10 12:41:13,604] multiqc                                            [DEBUG  ]  File ignored by rseqc/junction_annotation because it exceeded search pattern filesize limit: B1-1-C_R2_001_val_2_fastqc.html
[2025-11-10 12:41:13,604] multiqc                                            [DEBUG  ]  File ignored by rseqc/read_distribution because it exceeded search pattern filesize limit: B1-1-C_R2_001_val_2_fastqc.html
[2025-11-10 12:41:13,604] multiqc                                            [DEBUG  ]  File ignored by rseqc/infer_experiment because it exceeded search pattern filesize limit: B1-1-C_R2_001_val_2_fastqc.html
[2025-11-10 12:41:13,675] multiqc                                            [DEBUG  ]  File ignored by hicexplorer because it exceeded search pattern filesize limit: C3-1-C-T_R1_001_val_1_fastqc.html
[2025-11-10 12:41:13,677] multiqc                                            [DEBUG  ]  File ignored by longranger/invocation because it exceeded search pattern filesize limit: C3-1-C-T_R1_001_val_1_fastqc.html
[2025-11-10 12:41:13,677] multiqc                                            [DEBUG  ]  File ignored by rockhopper because it exceeded search pattern filesize limit: C3-1-C-T_R1_001_val_1_fastqc.html
[2025-11-10 12:41:13,677] multiqc                                            [DEBUG  ]  File ignored by rseqc/bam_stat because it exceeded search pattern filesize limit: C3-1-C-T_R1_001_val_1_fastqc.html
[2025-11-10 12:41:13,677] multiqc                                            [DEBUG  ]  File ignored by rseqc/junction_annotation because it exceeded search pattern filesize limit: C3-1-C-T_R1_001_val_1_fastqc.html
[2025-11-10 12:41:13,677] multiqc                                            [DEBUG  ]  File ignored by rseqc/read_distribution because it exceeded search pattern filesize limit: C3-1-C-T_R1_001_val_1_fastqc.html
[2025-11-10 12:41:13,677] multiqc                                            [DEBUG  ]  File ignored by rseqc/infer_experiment because it exceeded search pattern filesize limit: C3-1-C-T_R1_001_val_1_fastqc.html
[2025-11-10 12:41:13,749] multiqc                                            [DEBUG  ]  File ignored by hicexplorer because it exceeded search pattern filesize limit: C2-1-KD_R2_001_val_2_fastqc.html
[2025-11-10 12:41:13,751] multiqc                                            [DEBUG  ]  File ignored by longranger/invocation because it exceeded search pattern filesize limit: C2-1-KD_R2_001_val_2_fastqc.html
[2025-11-10 12:41:13,751] multiqc                                            [DEBUG  ]  File ignored by rockhopper because it exceeded search pattern filesize limit: C2-1-KD_R2_001_val_2_fastqc.html
[2025-11-10 12:41:13,751] multiqc                                            [DEBUG  ]  File ignored by rseqc/bam_stat because it exceeded search pattern filesize limit: C2-1-KD_R2_001_val_2_fastqc.html
[2025-11-10 12:41:13,751] multiqc                                            [DEBUG  ]  File ignored by rseqc/junction_annotation because it exceeded search pattern filesize limit: C2-1-KD_R2_001_val_2_fastqc.html
[2025-11-10 12:41:13,751] multiqc                                            [DEBUG  ]  File ignored by rseqc/read_distribution because it exceeded search pattern filesize limit: C2-1-KD_R2_001_val_2_fastqc.html
[2025-11-10 12:41:13,751] multiqc                                            [DEBUG  ]  File ignored by rseqc/infer_experiment because it exceeded search pattern filesize limit: C2-1-KD_R2_001_val_2_fastqc.html
[2025-11-10 12:41:16,563] multiqc.plots.bargraph                             [DEBUG  ]  Using matplotlib version 3.1.1
[2025-11-10 12:41:16,636] multiqc.plots.linegraph                            [DEBUG  ]  Using matplotlib version 3.1.1
[2025-11-10 12:41:16,640] multiqc                                            [DEBUG  ]  No samples found: custom_content
[2025-11-10 12:41:16,673] multiqc                                            [DEBUG  ]  No samples found: conpair
[2025-11-10 12:41:16,709] multiqc                                            [DEBUG  ]  No samples found: peddy
[2025-11-10 12:41:16,743] multiqc                                            [DEBUG  ]  No samples found: somalier
[2025-11-10 12:41:16,812] multiqc                                            [DEBUG  ]  No samples found: methylQA
[2025-11-10 12:41:16,915] multiqc                                            [DEBUG  ]  No samples found: mosdepth
[2025-11-10 12:41:16,933] multiqc                                            [DEBUG  ]  No samples found: phantompeakqualtools
[2025-11-10 12:41:16,952] multiqc                                            [DEBUG  ]  No samples found: qualimap
[2025-11-10 12:41:17,015] multiqc                                            [DEBUG  ]  No samples found: preseq
[2025-11-10 12:41:17,054] multiqc                                            [DEBUG  ]  No samples found: quast
[2025-11-10 12:41:17,078] multiqc                                            [DEBUG  ]  No samples found: qorts
[2025-11-10 12:41:17,101] multiqc                                            [DEBUG  ]  No samples found: rna_seqc
[2025-11-10 12:41:17,173] multiqc                                            [DEBUG  ]  No samples found: rockhopper
[2025-11-10 12:41:17,232] multiqc                                            [DEBUG  ]  No samples found: rsem
[2025-11-10 12:41:17,307] multiqc                                            [DEBUG  ]  No samples found: rseqc
[2025-11-10 12:41:17,332] multiqc                                            [DEBUG  ]  No samples found: busco
[2025-11-10 12:41:17,416] multiqc                                            [DEBUG  ]  No samples found: goleft_indexcov
[2025-11-10 12:41:17,443] multiqc                                            [DEBUG  ]  No samples found: disambiguate
[2025-11-10 12:41:17,478] multiqc                                            [DEBUG  ]  No samples found: supernova
[2025-11-10 12:41:17,566] multiqc                                            [DEBUG  ]  No samples found: deeptools
[2025-11-10 12:41:17,642] multiqc                                            [DEBUG  ]  No samples found: sargasso
[2025-11-10 12:41:17,665] multiqc                                            [DEBUG  ]  No samples found: verifybamid
[2025-11-10 12:41:17,710] multiqc                                            [DEBUG  ]  No samples found: mirtrace
[2025-11-10 12:41:17,740] multiqc                                            [DEBUG  ]  No samples found: happy
[2025-11-10 12:41:17,763] multiqc                                            [DEBUG  ]  No samples found: mirtop
[2025-11-10 12:41:17,795] multiqc                                            [DEBUG  ]  No samples found: homer
[2025-11-10 12:41:17,873] multiqc                                            [DEBUG  ]  No samples found: macs2
[2025-11-10 12:41:17,889] multiqc                                            [DEBUG  ]  No samples found: theta2
[2025-11-10 12:41:17,906] multiqc                                            [DEBUG  ]  No samples found: snpeff
[2025-11-10 12:41:17,978] multiqc                                            [DEBUG  ]  No samples found: gatk
[2025-11-10 12:41:17,988] multiqc                                            [DEBUG  ]  No samples found: htseq
[2025-11-10 12:41:18,054] multiqc                                            [DEBUG  ]  No samples found: bcftools
[2025-11-10 12:41:18,090] multiqc                                            [DEBUG  ]  No samples found: featureCounts
[2025-11-10 12:41:18,137] multiqc                                            [DEBUG  ]  No samples found: fgbio
[2025-11-10 12:41:18,234] multiqc                                            [DEBUG  ]  No samples found: dragen
[2025-11-10 12:41:18,275] multiqc                                            [DEBUG  ]  No samples found: dedup
[2025-11-10 12:41:18,318] multiqc                                            [DEBUG  ]  No samples found: damageprofiler
[2025-11-10 12:41:18,573] multiqc                                            [DEBUG  ]  No samples found: biobambam2
[2025-11-10 12:41:18,595] multiqc                                            [DEBUG  ]  No samples found: mtnucratio
[2025-11-10 12:41:18,597] multiqc                                            [DEBUG  ]  No samples found: picard
[2025-11-10 12:41:18,621] multiqc                                            [DEBUG  ]  No samples found: prokka
[2025-11-10 12:41:18,656] multiqc                                            [DEBUG  ]  No samples found: samblaster
[2025-11-10 12:41:18,743] multiqc                                            [DEBUG  ]  No samples found: samtools
[2025-11-10 12:41:18,767] multiqc                                            [DEBUG  ]  No samples found: sexdeterrmine
[2025-11-10 12:41:18,789] multiqc                                            [DEBUG  ]  No samples found: bamtools
[2025-11-10 12:41:18,794] multiqc                                            [DEBUG  ]  No samples found: jellyfish
[2025-11-10 12:41:18,804] multiqc                                            [DEBUG  ]  No samples found: vcftools
[2025-11-10 12:41:18,831] multiqc                                            [DEBUG  ]  No samples found: longranger
[2025-11-10 12:41:18,861] multiqc                                            [DEBUG  ]  No samples found: stacks
[2025-11-10 12:41:18,876] multiqc                                            [DEBUG  ]  No samples found: varscan2
[2025-11-10 12:41:18,933] multiqc                                            [DEBUG  ]  No samples found: bbmap
[2025-11-10 12:41:18,973] multiqc                                            [DEBUG  ]  No samples found: bismark
[2025-11-10 12:41:19,004] multiqc                                            [DEBUG  ]  No samples found: biscuit
[2025-11-10 12:41:19,144] multiqc                                            [DEBUG  ]  No samples found: hicexplorer
[2025-11-10 12:41:19,187] multiqc                                            [DEBUG  ]  No samples found: hicup
[2025-11-10 12:41:19,205] multiqc                                            [DEBUG  ]  No samples found: hicpro
[2025-11-10 12:41:19,214] multiqc                                            [DEBUG  ]  No samples found: salmon
[2025-11-10 12:41:19,238] multiqc                                            [DEBUG  ]  No samples found: kallisto
[2025-11-10 12:41:19,294] multiqc                                            [DEBUG  ]  No samples found: slamdunk
[2025-11-10 12:41:19,310] multiqc                                            [DEBUG  ]  No samples found: star
[2025-11-10 12:41:19,335] multiqc                                            [DEBUG  ]  No samples found: hisat2
[2025-11-10 12:41:19,371] multiqc                                            [DEBUG  ]  No samples found: tophat
[2025-11-10 12:41:19,445] multiqc                                            [DEBUG  ]  No samples found: bowtie2
[2025-11-10 12:41:19,474] multiqc                                            [DEBUG  ]  No samples found: bowtie1
[2025-11-10 12:41:19,488] multiqc                                            [DEBUG  ]  No samples found: snpsplit
[2025-11-10 12:41:19,497] multiqc                                            [DEBUG  ]  No samples found: kat
[2025-11-10 12:41:19,504] multiqc                                            [DEBUG  ]  No samples found: leehom
[2025-11-10 12:41:19,532] multiqc                                            [DEBUG  ]  No samples found: adapterRemoval
[2025-11-10 12:41:19,541] multiqc                                            [DEBUG  ]  No samples found: clipandmerge
[2025-11-10 12:41:19,584] multiqc                                            [DEBUG  ]  No samples found: cutadapt
[2025-11-10 12:41:19,591] multiqc                                            [DEBUG  ]  No samples found: flexbar
[2025-11-10 12:41:19,616] multiqc                                            [DEBUG  ]  No samples found: kaiju
[2025-11-10 12:41:19,638] multiqc                                            [DEBUG  ]  No samples found: kraken
[2025-11-10 12:41:19,677] multiqc                                            [DEBUG  ]  No samples found: malt
[2025-11-10 12:41:19,713] multiqc                                            [DEBUG  ]  No samples found: trimmomatic
[2025-11-10 12:41:19,730] multiqc                                            [DEBUG  ]  No samples found: sickle
[2025-11-10 12:41:19,750] multiqc                                            [DEBUG  ]  No samples found: skewer
[2025-11-10 12:41:19,757] multiqc                                            [DEBUG  ]  No samples found: sortmerna
[2025-11-10 12:41:19,767] multiqc                                            [DEBUG  ]  No samples found: biobloomtools
[2025-11-10 12:41:19,813] multiqc                                            [DEBUG  ]  No samples found: fastq_screen
[2025-11-10 12:41:19,836] multiqc                                            [DEBUG  ]  No samples found: afterqc
[2025-11-10 12:41:19,856] multiqc                                            [DEBUG  ]  No samples found: fastp
[2025-11-10 12:41:21,721] multiqc.modules.fastqc.fastqc                      [INFO   ]  Found 16 reports
[2025-11-10 12:41:22,124] multiqc                                            [DEBUG  ]  No samples found: pycoqc
[2025-11-10 12:41:22,147] multiqc                                            [DEBUG  ]  No samples found: minionqc
[2025-11-10 12:41:22,190] multiqc                                            [DEBUG  ]  No samples found: multivcfanalyzer
[2025-11-10 12:41:22,211] multiqc                                            [DEBUG  ]  No samples found: clusterflow
[2025-11-10 12:41:22,234] multiqc                                            [DEBUG  ]  No samples found: bcl2fastq
[2025-11-10 12:41:22,257] multiqc                                            [DEBUG  ]  No samples found: interop
[2025-11-10 12:41:22,264] multiqc                                            [DEBUG  ]  No samples found: ivar
[2025-11-10 12:41:22,290] multiqc                                            [DEBUG  ]  No samples found: flash
[2025-11-10 12:41:22,330] multiqc                                            [DEBUG  ]  No samples found: seqyclean
[2025-11-10 12:41:22,344] multiqc                                            [INFO   ]  Compressing plot data
[2025-11-10 12:41:22,537] multiqc                                            [INFO   ]  Report      : multiqc_report.html
[2025-11-10 12:41:22,537] multiqc                                            [INFO   ]  Data        : multiqc_data
[2025-11-10 12:41:22,537] multiqc                                            [DEBUG  ]  Moving data file from '/tmp/tmpos3n566n/multiqc_data' to '/rds/projects/g/gendood-preclinomics/EHMT2/ATACSeq_data_Saad/CleanData/multiqc_data'
[2025-11-10 12:41:23,647] multiqc                                            [INFO   ]  MultiQC complete
