[2025-11-24 16:37:31.913] [jointLog] [info] setting maxHashResizeThreads to 6
[2025-11-24 16:37:31.913] [jointLog] [info] Fragment incompatibility prior below threshold.  Incompatible fragments will be ignored.
[2025-11-24 16:37:31.914] [jointLog] [info] numQuantThreads = 3
[2025-11-24 16:37:34.253] [fileLog] [info] quantification processed 0 fragments so far

[2025-11-24 16:37:34.146] [jointLog] [info] replaced 4 non-ACGT nucleotides with random nucleotides
[2025-11-24 16:37:38.381] [fileLog] [info] quantification processed 1000000 fragments so far

[2025-11-24 16:37:42.282] [fileLog] [info] quantification processed 2000000 fragments so far

[2025-11-24 16:37:44.796] [jointLog] [info] 

The alignment group queue pool has been exhausted.  8608005 extra fragments were allocated on the heap to saturate the pool.  No new fragments will be allocated


[2025-11-24 16:37:50.899] [fileLog] [info] quantification processed 3000000 fragments so far

[2025-11-24 16:38:07.161] [fileLog] [info] quantification processed 4000000 fragments so far

[2025-11-24 16:38:23.434] [fileLog] [info] quantification processed 5000000 fragments so far

[2025-11-24 16:38:39.635] [fileLog] [info] quantification processed 6000000 fragments so far

[2025-11-24 16:38:55.821] [fileLog] [info] quantification processed 7000000 fragments so far

[2025-11-24 16:39:00.269] [fileLog] [info] quantification processed 8000000 fragments so far

[2025-11-24 16:39:04.833] [fileLog] [info] quantification processed 9000000 fragments so far

[2025-11-24 16:39:09.386] [fileLog] [info] quantification processed 10000000 fragments so far

[2025-11-24 16:39:14.080] [fileLog] [info] quantification processed 11000000 fragments so far

[2025-11-24 16:39:18.253] [fileLog] [info] quantification processed 12000000 fragments so far

[2025-11-24 16:39:22.928] [fileLog] [info] quantification processed 13000000 fragments so far

[2025-11-24 16:39:27.578] [fileLog] [info] quantification processed 14000000 fragments so far

[2025-11-24 16:39:31.797] [fileLog] [info] quantification processed 15000000 fragments so far

[2025-11-24 16:39:36.487] [fileLog] [info] quantification processed 16000000 fragments so far

[2025-11-24 16:39:41.049] [fileLog] [info] quantification processed 17000000 fragments so far

[2025-11-24 16:39:45.704] [fileLog] [info] quantification processed 18000000 fragments so far

[2025-11-24 16:39:50.350] [fileLog] [info] quantification processed 19000000 fragments so far

[2025-11-24 16:39:54.752] [fileLog] [info] quantification processed 20000000 fragments so far

[2025-11-24 16:39:59.306] [fileLog] [info] quantification processed 21000000 fragments so far

[2025-11-24 16:40:03.954] [fileLog] [info] quantification processed 22000000 fragments so far

[2025-11-24 16:40:08.741] [fileLog] [info] quantification processed 23000000 fragments so far

[2025-11-24 16:40:13.288] [fileLog] [info] quantification processed 24000000 fragments so far

[2025-11-24 16:40:18.289] [fileLog] [info] quantification processed 25000000 fragments so far

[2025-11-24 16:40:23.246] [fileLog] [info] quantification processed 26000000 fragments so far

[2025-11-24 16:40:28.003] [fileLog] [info] quantification processed 27000000 fragments so far

[2025-11-24 16:40:32.594] [fileLog] [info] quantification processed 28000000 fragments so far

[2025-11-24 16:40:37.118] [fileLog] [info] quantification processed 28978427 fragments so far

[2025-11-24 16:40:44.821] [jointLog] [info] Thread saw mini-batch with a maximum of 4.60% zero probability fragments
[2025-11-24 16:40:44.824] [jointLog] [info] Thread saw mini-batch with a maximum of 4.10% zero probability fragments
[2025-11-24 16:40:44.831] [jointLog] [info] Thread saw mini-batch with a maximum of 3.70% zero probability fragments
[2025-11-24 16:40:44.832] [jointLog] [info] 


Completed first pass through the alignment file.
Total # of mapped reads : 28978427
# of uniquely mapped reads : 7243269
# ambiguously mapped reads : 21735158



[2025-11-24 16:40:44.994] [jointLog] [info] Computed 480973 rich equivalence classes for further processing
[2025-11-24 16:40:44.994] [jointLog] [info] Counted 28949998 total reads in the equivalence classes 
[2025-11-24 16:40:44.994] [jointLog] [info] starting optimizer
[2025-11-24 16:40:45.078] [jointLog] [info] Marked 0 weighted equivalence classes as degenerate
[2025-11-24 16:40:45.103] [jointLog] [info] iteration = 0 | max rel diff. = 4809.21
[2025-11-24 16:40:47.504] [jointLog] [info] iteration = 100 | max rel diff. = 21.0389
[2025-11-24 16:40:49.870] [jointLog] [info] iteration = 200 | max rel diff. = 2.94457
[2025-11-24 16:40:52.302] [jointLog] [info] iteration = 300 | max rel diff. = 2.87463
[2025-11-24 16:40:54.714] [jointLog] [info] iteration = 400 | max rel diff. = 0.189143
[2025-11-24 16:40:57.161] [jointLog] [info] iteration = 500 | max rel diff. = 0.665687
[2025-11-24 16:40:59.571] [jointLog] [info] iteration = 600 | max rel diff. = 0.650039
[2025-11-24 16:41:02.005] [jointLog] [info] iteration = 700 | max rel diff. = 0.432242
[2025-11-24 16:41:04.420] [jointLog] [info] iteration = 800 | max rel diff. = 6.61341
[2025-11-24 16:41:06.837] [jointLog] [info] iteration = 900 | max rel diff. = 0.159795
[2025-11-24 16:41:09.263] [jointLog] [info] iteration = 1000 | max rel diff. = 0.149685
[2025-11-24 16:41:11.685] [jointLog] [info] iteration = 1100 | max rel diff. = 0.327515
[2025-11-24 16:41:14.125] [jointLog] [info] iteration = 1200 | max rel diff. = 0.0738576
[2025-11-24 16:41:16.549] [jointLog] [info] iteration = 1300 | max rel diff. = 0.110231
[2025-11-24 16:41:18.981] [jointLog] [info] iteration = 1400 | max rel diff. = 0.0834318
[2025-11-24 16:41:21.399] [jointLog] [info] iteration = 1500 | max rel diff. = 0.276152
[2025-11-24 16:41:22.421] [jointLog] [info] iteration = 1543 | max rel diff. = 0.00934875
[2025-11-24 16:41:22.429] [jointLog] [info] finished optimizer
[2025-11-24 16:41:22.429] [jointLog] [info] writing output
[2025-11-24 16:41:24.894] [jointLog] [info] Computing gene-level abundance estimates
[2025-11-24 16:42:01.623] [jointLog] [info] There were 252930 transcripts mapping to 63187 genes
[2025-11-24 16:42:01.624] [jointLog] [info] NOTE: We recommend using tximport (https://bioconductor.org/packages/release/bioc/html/tximport.html) for aggregating transcript-level salmon abundance estimates to the gene level.  It is more versatile, exposes more features, and allows considering multi-sample information during aggregation.
[2025-11-24 16:42:01.958] [jointLog] [info] Aggregating expressions to gene level
[2025-11-24 16:42:02.044] [jointLog] [info] done
